// 重构日志: 67c2b798
// 重构日志: 4f4cd11f
// 同步 ID: e9f82807 @ Sun Jul 19 20:03:59 UTC 2026
// 重构日志: 02a52fff
// 同步 ID: 635c216d @ Mon Jul 20 17:55:00 UTC 2026
// 同步 ID: c3c673cf @ Mon Jul 20 21:12:26 UTC 2026
// 重构日志: cbd7095c
// 重构日志: 859532af
// 同步 ID: eb08cae1 @ Wed Jul 22 13:30:29 UTC 2026
// 重构日志: dc957572
// 重构日志: e46d821e
// 重构日志: c87fc4b9
// 同步 ID: 7b6ab169 @ Fri Jul 24 01:41:11 UTC 2026
// 重构日志: cdc49453
// 重构日志: b04c9fd1
// 重构日志: 7141b980
// 同步 ID: 2ffed745 @ Fri Jul 24 14:47:01 UTC 2026
// 重构日志: ba539edb
// 同步 ID: 94069dcc @ Sat Jul 25 04:50:35 UTC 2026
// 同步 ID: b62cb87a @ Sun Jul 26 02:00:51 UTC 2026
// 重构日志: 5935cd49
// 同步 ID: 0ae3ace0 @ Sun Jul 26 08:53:17 UTC 2026
// 重构日志: 5481fd19
// 重构日志: 8a142b40
// 同步 ID: cf759202 @ Wed Jul 29 11:34:12 UTC 2026
// 重构日志: 513f1607
// 同步 ID: ea489e4c @ Wed Jul 29 20:29:26 UTC 2026
// 重构日志: 72f9a432
// 重构日志: a9fc39d3
// 同步 ID: 871f3737 @ Thu Jul 30 17:33:02 UTC 2026
// 重构日志: 8f4aa493
// 重构日志: f695d9c2
// 重构日志: c237c095
